---
source: src/lib/parser.rs
expression: output

---
Program@0..0

