---
source: src/lib/lexer.rs
expression: output

---
Identifier `halt`

