---
source: src/lib/ast.rs
expression: decl.initialiser()

---
Ok(
    [
        LiteralValue {
            value: 256,
            min_size: 2,
        },
    ],
)
