---
source: simulatron-salt/src/lib/ast.rs
expression: decl.initialiser()

---
Ok(
    (
        [
            Lit {
                value: 256,
                min_reg_type: Half,
            },
        ],
        [
            1,
        ],
    ),
)
