---
source: simulatron-salt/src/lib/tests.rs
expression: success.warnings

---
[
    SaltError {
        span: 247..250,
        message: "Unused private symbol.",
    },
]
