---
source: simulatron-salt/src/lib/ast.rs
expression: decl.initialiser()

---
Ok(
    (
        [
            LiteralValue {
                value: 4294897296,
                min_reg_type: Word,
            },
        ],
        [
            1,
        ],
    ),
)
