---
source: simulatron-salt/src/lib/ast.rs
expression: decl.initialiser()

---
Ok(
    (
        [],
        [
            0,
            1,
        ],
    ),
)
